> Task :compileJava NO-SOURCE
> Task :compileGroovy
> Task :processResources NO-SOURCE
> Task :classes
> Task :jar

BUILD SUCCESSFUL in 0s
2 actionable tasks: 2 executed
