> Task :compileJava
> Task :processResources NO-SOURCE
> Task :classes

> Task :run
Hello, World!

BUILD SUCCESSFUL in 0s
2 actionable tasks: 2 executed
