> Task :compileJava NO-SOURCE
> Task :compileGroovy
> Task :processResources NO-SOURCE
> Task :classes

> Task :run
WARNING: An illegal reflective access operation has occurred
WARNING: Illegal reflective access by org.codehaus.groovy.vmplugin.v7.Java7$1 (file:/private/var/folders/rg/y7myh0qj1sd58f02v_tgypvh0000gn/T/.gradle-test-kit-daniel/caches/modules-2/files-2.1/org.codehaus.groovy/groovy/2.5.7/99907efe4b69f800c42584386f5d668e4d952bd5/groovy-2.5.7.jar) to constructor java.lang.invoke.MethodHandles$Lookup(java.lang.Class,int)
WARNING: Please consider reporting this to the maintainers of org.codehaus.groovy.vmplugin.v7.Java7$1
WARNING: Use --illegal-access=warn to enable warnings of further illegal reflective access operations
WARNING: All illegal access operations will be denied in a future release
Hello, World!

BUILD SUCCESSFUL in 0s
2 actionable tasks: 2 executed
