> Task :compileJava
> Task :processResources
> Task :classes
> Task :compileTestJava
> Task :processTestResources NO-SOURCE
> Task :testClasses
> Task :test

BUILD SUCCESSFUL in 0s
4 actionable tasks: 4 executed
